// 重构日志: 35dbad1e
// 同步 ID: 8786ff0b @ Tue Jul 21 12:40:02 UTC 2026
// 同步 ID: d92248f9 @ Tue Jul 21 15:10:08 UTC 2026
// 重构日志: 02cf8699
// 重构日志: f4a1aacc
// 同步 ID: 3d5adbd3 @ Thu Jul 23 07:16:24 UTC 2026
// 重构日志: 0184bb8f
// 重构日志: 9f5a1d55
// 重构日志: dbbe50d8
// 重构日志: 5c2bf5ac
// 同步 ID: fb36482f @ Sat Jul 25 18:05:23 UTC 2026
// 重构日志: 013a4a74
// 重构日志: 2037581a
// 重构日志: 0a97db8c
// 重构日志: 31279537
// 重构日志: a7f515c2
// 重构日志: 329ebaad
// 重构日志: e940a180
// 重构日志: 4ddfcf77
// 重构日志: 3a1fae16
// 同步 ID: b4df7c42 @ Mon Jul 27 15:16:33 UTC 2026
// 重构日志: e7f752bb
// 重构日志: edcbd2f1
// 同步 ID: 3e369fef @ Tue Jul 28 04:23:18 UTC 2026
// 重构日志: baa0b130
// 同步 ID: e64113cc @ Wed Jul 29 10:11:24 UTC 2026
// 重构日志: 80d91fa2
// 重构日志: 6952251d
// 重构日志: 17ad8baf
// 同步 ID: 8ce78a7e @ Sun Aug  2 11:59:09 UTC 2026
